============================= test session starts =============================
platform win32 -- Python 3.13.12, pytest-9.0.3, pluggy-1.6.0
rootdir: D:\DreamForge\backend
configfile: pytest.ini
plugins: anyio-4.10.0
collected 692 items / 1 error

=================================== ERRORS ====================================
________________ ERROR collecting tests/test_agent_runtime.py _________________
ImportError while importing test module 'D:\DreamForge\backend\tests\test_agent_runtime.py'.
Hint: make sure your test modules/packages have valid Python names.
Traceback:
C:\Users\moham\miniconda3\Lib\importlib\__init__.py:88: in import_module
    return _bootstrap._gcd_import(name[level:], package, level)
           ^^^^^^^^^^^^^^^^^^^^^^^^^^^^^^^^^^^^^^^^^^^^^^^^^^^^
backend\tests\test_agent_runtime.py:1: in <module>
    from dreamforge_agent_runtime import AgentRuntime
E   ModuleNotFoundError: No module named 'dreamforge_agent_runtime'
=========================== short test summary info ===========================
ERROR backend\tests\test_agent_runtime.py
!!!!!!!!!!!!!!!!!!! Interrupted: 1 error during collection !!!!!!!!!!!!!!!!!!!!
============================== 1 error in 0.57s ===============================
